<?xml version="1.0" encoding="utf-8"?><testsuites name="pytest tests"><testsuite name="pytest" errors="0" failures="1" skipped="0" tests="34" time="6.106" timestamp="2026-05-30T20:42:25.723921+00:00" hostname="agent-env-044949e3-a006-4227-bf1a-663d0496dc0f"><testcase classname="backend.tests.test_hodix_api" name="test_health" time="0.166" /><testcase classname="backend.tests.test_hodix_api" name="test_root" time="0.046" /><testcase classname="backend.tests.test_hodix_api.TestAuth" name="test_login_demo" time="0.274" /><testcase classname="backend.tests.test_hodix_api.TestAuth" name="test_login_admin" time="0.274" /><testcase classname="backend.tests.test_hodix_api.TestAuth" name="test_login_bad_password" time="0.276" /><testcase classname="backend.tests.test_hodix_api.TestAuth" name="test_register_and_me" time="0.323" /><testcase classname="backend.tests.test_hodix_api.TestAuth" name="test_register_duplicate" time="0.050" /><testcase classname="backend.tests.test_hodix_api.TestAuth" name="test_forgot_password_dev_token" time="0.050" /><testcase classname="backend.tests.test_hodix_api.TestAuth" name="test_reset_password_flow" time="0.920" /><testcase classname="backend.tests.test_hodix_api.TestAuth" name="test_logout_revokes_token" time="0.363" /><testcase classname="backend.tests.test_hodix_api.TestUsers" name="test_me_get" time="0.323" /><testcase classname="backend.tests.test_hodix_api.TestUsers" name="test_me_patch" time="0.096" /><testcase classname="backend.tests.test_hodix_api.TestSavings" name="test_list_demo_goals" time="0.050" /><testcase classname="backend.tests.test_hodix_api.TestSavings" name="test_summary" time="0.160" /><testcase classname="backend.tests.test_hodix_api.TestSavings" name="test_full_goal_lifecycle" time="0.351" /><testcase classname="backend.tests.test_hodix_api.TestTontines" name="test_demo_in_bonaberi" time="0.054" /><testcase classname="backend.tests.test_hodix_api.TestTontines" name="test_tontine_full_flow" time="0.882" /><testcase classname="backend.tests.test_hodix_api.TestTontines" name="test_join_bad_code" time="0.049" /><testcase classname="backend.tests.test_hodix_api.TestGroups" name="test_demo_in_solidfem" time="0.049" /><testcase classname="backend.tests.test_hodix_api.TestGroups" name="test_funds_list" time="0.053" /><testcase classname="backend.tests.test_hodix_api.TestGroups" name="test_create_fund_and_tx" time="0.169" /><testcase classname="backend.tests.test_hodix_api.TestIdentity" name="test_trust_score" time="0.053" /><testcase classname="backend.tests.test_hodix_api.TestIdentity" name="test_identity" time="0.054"><failure message="AssertionError: Internal Server Error&#10;assert 500 == 200&#10; +  where 500 = &lt;Response [500]&gt;.status_code">E   AssertionError: Internal Server Error
    assert 500 == 200
     +  where 500 = &lt;Response [500]&gt;.status_code</failure></testcase><testcase classname="backend.tests.test_hodix_api.TestIdentity" name="test_insights" time="0.053" /><testcase classname="backend.tests.test_hodix_api.TestNotifications" name="test_list" time="0.051" /><testcase classname="backend.tests.test_hodix_api.TestNotifications" name="test_read_all" time="0.057" /><testcase classname="backend.tests.test_hodix_api.TestReports" name="test_pdf[/reports/identity]" time="0.060" /><testcase classname="backend.tests.test_hodix_api.TestReports" name="test_pdf[/reports/trust-score]" time="0.065" /><testcase classname="backend.tests.test_hodix_api.TestReports" name="test_pdf[/reports/savings]" time="0.053" /><testcase classname="backend.tests.test_hodix_api.TestAdmin" name="test_demo_blocked_from_admin" time="0.086" /><testcase classname="backend.tests.test_hodix_api.TestAdmin" name="test_admin_analytics" time="0.327" /><testcase classname="backend.tests.test_hodix_api.TestAdmin" name="test_admin_users" time="0.049" /><testcase classname="backend.tests.test_hodix_api.TestAdmin" name="test_admin_audit_logs" time="0.050" /><testcase classname="backend.tests.test_hodix_api" name="test_protected_requires_auth" time="0.047" /></testsuite></testsuites>